// Jest Snapshot v1, https://goo.gl/fbAQLP

exports[`renderers correctly when there is no items 1`] = `
<span>
   No Items In List 
</span>
`;

exports[`renders correctly when there is a item in Item 1`] = `
<ul>
  <li>
    tree
  </li>
  <li>
    man
  </li>
  <li>
    woman
  </li>
</ul>
`;
